
> rest-express@1.0.0 build
> tsx script/build.ts

building client...
vite v7.3.0 building client environment for production...
transforming...

A PostCSS plugin did not pass the `from` option to `postcss.parse`. This may cause imported assets to be incorrectly transformed. If you've recently added a PostCSS plugin that raised this warning, please contact the package author to fix the issue.
✓ 42 modules transformed.
✗ Build failed in 3.30s
[vite]: Rollup failed to resolve import "react-grid-layout/css/styles.css" from "/Users/grahamwalker/Documents/Claude-Projects/Wallet Share App/wallet-expander/client/src/pages/dashboard.tsx".
This is most likely unintended because it can break your application at runtime.
If you do want to externalize this module explicitly add it to
`build.rollupOptions.external`
    at viteLog (/Users/grahamwalker/Documents/Claude-Projects/Wallet Share App/wallet-expander/node_modules/vite/dist/node/chunks/config.js:33634:57)
    at <anonymous> (/Users/grahamwalker/Documents/Claude-Projects/Wallet Share App/wallet-expander/node_modules/vite/dist/node/chunks/config.js:33668:73)
    at onwarn (/Users/grahamwalker/Documents/Claude-Projects/Wallet Share App/wallet-expander/node_modules/@vitejs/plugin-react/dist/index.js:90:7)
    at <anonymous> (/Users/grahamwalker/Documents/Claude-Projects/Wallet Share App/wallet-expander/node_modules/vite/dist/node/chunks/config.js:33668:28)
    at onRollupLog (/Users/grahamwalker/Documents/Claude-Projects/Wallet Share App/wallet-expander/node_modules/vite/dist/node/chunks/config.js:33663:63)
    at onLog (/Users/grahamwalker/Documents/Claude-Projects/Wallet Share App/wallet-expander/node_modules/vite/dist/node/chunks/config.js:33466:4)
    at <anonymous> (/Users/grahamwalker/Documents/Claude-Projects/Wallet Share App/wallet-expander/node_modules/rollup/dist/es/shared/node-entry.js:21004:32)
    at Object.logger (/Users/grahamwalker/Documents/Claude-Projects/Wallet Share App/wallet-expander/node_modules/rollup/dist/es/shared/node-entry.js:22891:9)
    at ModuleLoader.handleInvalidResolvedId (/Users/grahamwalker/Documents/Claude-Projects/Wallet Share App/wallet-expander/node_modules/rollup/dist/es/shared/node-entry.js:21635:26)
    at <anonymous> (/Users/grahamwalker/Documents/Claude-Projects/Wallet Share App/wallet-expander/node_modules/rollup/dist/es/shared/node-entry.js:21593:26) {
  watchFiles: [
    '/Users/grahamwalker/Documents/Claude-Projects/Wallet Share App/wallet-expander/client/index.html',
    '/Users/grahamwalker/Documents/Claude-Projects/Wallet Share App/wallet-expander/client/src/main.tsx',
    '/Users/grahamwalker/Documents/Claude-Projects/Wallet Share App/wallet-expander/package.json',
    '/Users/grahamwalker/Documents/Claude-Projects/Wallet Share App/wallet-expander/node_modules/react-dom/client.js',
    '/Users/grahamwalker/Documents/Claude-Projects/Wallet Share App/wallet-expander/node_modules/react/jsx-runtime.js',
    '/Users/grahamwalker/Documents/Claude-Projects/Wallet Share App/wallet-expander/client/src/App.tsx',
    '/Users/grahamwalker/Documents/Claude-Projects/Wallet Share App/wallet-expander/client/src/index.css',
    '/Users/grahamwalker/Documents/Claude-Projects/Wallet Share App/wallet-expander/node_modules/react/cjs/react-jsx-runtime.production.min.js',
    '/Users/grahamwalker/Documents/Claude-Projects/Wallet Share App/wallet-expander/node_modules/react-dom/index.js',
    '/Users/grahamwalker/Documents/Claude-Projects/Wallet Share App/wallet-expander/node_modules/@tanstack/react-query/build/modern/index.js',
    '/Users/grahamwalker/Documents/Claude-Projects/Wallet Share App/wallet-expander/client/src/lib/queryClient.ts',
    '/Users/grahamwalker/Documents/Claude-Projects/Wallet Share App/wallet-expander/node_modules/wouter/esm/index.js',
    '/Users/grahamwalker/Documents/Claude-Projects/Wallet Share App/wallet-expander/client/src/components/ui/toaster.tsx',
    '/Users/grahamwalker/Documents/Claude-Projects/Wallet Share App/wallet-expander/client/src/components/theme-provider.tsx',
    '/Users/grahamwalker/Documents/Claude-Projects/Wallet Share App/wallet-expander/client/src/components/ui/sidebar.tsx',
    '/Users/grahamwalker/Documents/Claude-Projects/Wallet Share App/wallet-expander/client/src/components/ui/tooltip.tsx',
    '/Users/grahamwalker/Documents/Claude-Projects/Wallet Share App/wallet-expander/client/src/hooks/use-auth.ts',
    '/Users/grahamwalker/Documents/Claude-Projects/Wallet Share App/wallet-expander/client/src/components/theme-toggle.tsx',
    '/Users/grahamwalker/Documents/Claude-Projects/Wallet Share App/wallet-expander/client/src/pages/not-found.tsx',
    '/Users/grahamwalker/Documents/Claude-Projects/Wallet Share App/wallet-expander/client/src/components/app-sidebar.tsx',
    '/Users/grahamwalker/Documents/Claude-Projects/Wallet Share App/wallet-expander/client/src/pages/dashboard.tsx',
    '/Users/grahamwalker/Documents/Claude-Projects/Wallet Share App/wallet-expander/client/src/pages/accounts.tsx',
    '/Users/grahamwalker/Documents/Claude-Projects/Wallet Share App/wallet-expander/client/src/pages/icp-builder.tsx',
    '/Users/grahamwalker/Documents/Claude-Projects/Wallet Share App/wallet-expander/client/src/pages/playbooks.tsx',
    '/Users/grahamwalker/Documents/Claude-Projects/Wallet Share App/wallet-expander/client/src/pages/revenue.tsx',
    '/Users/grahamwalker/Documents/Claude-Projects/Wallet Share App/wallet-expander/client/src/pages/data-uploads.tsx',
    '/Users/grahamwalker/Documents/Claude-Projects/Wallet Share App/wallet-expander/client/src/pages/workflow-guide.tsx',
    '/Users/grahamwalker/Documents/Claude-Projects/Wallet Share App/wallet-expander/client/src/pages/subscription.tsx',
    '/Users/grahamwalker/Documents/Claude-Projects/Wallet Share App/wallet-expander/client/src/pages/settings.tsx',
    '/Users/grahamwalker/Documents/Claude-Projects/Wallet Share App/wallet-expander/client/src/pages/profile.tsx',
    '/Users/grahamwalker/Documents/Claude-Projects/Wallet Share App/wallet-expander/client/src/pages/app-admin.tsx',
    '/Users/grahamwalker/Documents/Claude-Projects/Wallet Share App/wallet-expander/client/src/components/ask-anything-bar.tsx',
    '/Users/grahamwalker/Documents/Claude-Projects/Wallet Share App/wallet-expander/client/src/pages/program-performance.tsx',
    '/Users/grahamwalker/Documents/Claude-Projects/Wallet Share App/wallet-expander/client/src/pages/landing.tsx',
    '/Users/grahamwalker/Documents/Claude-Projects/Wallet Share App/wallet-expander/node_modules/react/index.js',
    '/Users/grahamwalker/Documents/Claude-Projects/Wallet Share App/wallet-expander/node_modules/react-dom/cjs/react-dom.production.min.js',
    '/Users/grahamwalker/Documents/Claude-Projects/Wallet Share App/wallet-expander/node_modules/@tanstack/react-query/build/modern/types.js',
    '/Users/grahamwalker/Documents/Claude-Projects/Wallet Share App/wallet-expander/node_modules/@tanstack/query-core/build/modern/index.js',
    '/Users/grahamwalker/Documents/Claude-Projects/Wallet Share App/wallet-expander/node_modules/@tanstack/react-query/build/modern/useQueries.js',
    '/Users/grahamwalker/Documents/Claude-Projects/Wallet Share App/wallet-expander/node_modules/@tanstack/react-query/build/modern/useQuery.js',
    '/Users/grahamwalker/Documents/Claude-Projects/Wallet Share App/wallet-expander/node_modules/@tanstack/react-query/build/modern/useSuspenseInfiniteQuery.js',
    '/Users/grahamwalker/Documents/Claude-Projects/Wallet Share App/wallet-expander/node_modules/@tanstack/react-query/build/modern/useSuspenseQueries.js',
    '/Users/grahamwalker/Documents/Claude-Projects/Wallet Share App/wallet-expander/node_modules/@tanstack/react-query/build/modern/usePrefetchQuery.js',
    '/Users/grahamwalker/Documents/Claude-Projects/Wallet Share App/wallet-expander/node_modules/@tanstack/react-query/build/modern/usePrefetchInfiniteQuery.js',
    '/Users/grahamwalker/Documents/Claude-Projects/Wallet Share App/wallet-expander/node_modules/@tanstack/react-query/build/modern/infiniteQueryOptions.js',
    '/Users/grahamwalker/Documents/Claude-Projects/Wallet Share App/wallet-expander/client/src/hooks/use-toast.ts',
    '/Users/grahamwalker/Documents/Claude-Projects/Wallet Share App/wallet-expander/client/src/lib/auth-utils.ts',
    '/Users/grahamwalker/Documents/Claude-Projects/Wallet Share App/wallet-expander/client/src/lib/utils.ts',
    '/Users/grahamwalker/Documents/Claude-Projects/Wallet Share App/wallet-expander/client/src/components/account-dossier-panel.tsx',
    '/Users/grahamwalker/Documents/Claude-Projects/Wallet Share App/wallet-expander/client/src/components/daily-briefing-card.tsx',
    '/Users/grahamwalker/Documents/Claude-Projects/Wallet Share App/wallet-expander/client/src/components/dashboard-block.tsx',
    '/Users/grahamwalker/Documents/Claude-Projects/Wallet Share App/wallet-expander/client/src/components/data-table.tsx',
    '/Users/grahamwalker/Documents/Claude-Projects/Wallet Share App/wallet-expander/client/src/components/email-composer-modal.tsx',
    '/Users/grahamwalker/Documents/Claude-Projects/Wallet Share App/wallet-expander/client/src/components/empty-state.tsx',
    '/Users/grahamwalker/Documents/Claude-Projects/Wallet Share App/wallet-expander/client/src/components/feature-mockups.tsx',
    '/Users/grahamwalker/Documents/Claude-Projects/Wallet Share App/wallet-expander/client/src/components/info-tooltip.tsx',
    '/Users/grahamwalker/Documents/Claude-Projects/Wallet Share App/wallet-expander/client/src/components/kpi-card.tsx',
    '/Users/grahamwalker/Documents/Claude-Projects/Wallet Share App/wallet-expander/client/src/components/progress-ring.tsx',
    '/Users/grahamwalker/Documents/Claude-Projects/Wallet Share App/wallet-expander/client/src/components/score-badge.tsx',
    '/Users/grahamwalker/Documents/Claude-Projects/Wallet Share App/wallet-expander/client/src/components/ui/accordion.tsx',
    '/Users/grahamwalker/Documents/Claude-Projects/Wallet Share App/wallet-expander/client/src/components/ui/alert-dialog.tsx',
    '/Users/grahamwalker/Documents/Claude-Projects/Wallet Share App/wallet-expander/client/src/components/ui/alert.tsx',
    '/Users/grahamwalker/Documents/Claude-Projects/Wallet Share App/wallet-expander/client/src/components/ui/aspect-ratio.tsx',
    '/Users/grahamwalker/Documents/Claude-Projects/Wallet Share App/wallet-expander/client/src/components/ui/avatar.tsx',
    '/Users/grahamwalker/Documents/Claude-Projects/Wallet Share App/wallet-expander/client/src/components/ui/badge.tsx',
    '/Users/grahamwalker/Documents/Claude-Projects/Wallet Share App/wallet-expander/client/src/components/ui/breadcrumb.tsx',
    '/Users/grahamwalker/Documents/Claude-Projects/Wallet Share App/wallet-expander/client/src/components/ui/button.tsx',
    '/Users/grahamwalker/Documents/Claude-Projects/Wallet Share App/wallet-expander/client/src/components/ui/calendar.tsx',
    '/Users/grahamwalker/Documents/Claude-Projects/Wallet Share App/wallet-expander/client/src/components/ui/card.tsx',
    '/Users/grahamwalker/Documents/Claude-Projects/Wallet Share App/wallet-expander/client/src/components/ui/carousel.tsx',
    '/Users/grahamwalker/Documents/Claude-Projects/Wallet Share App/wallet-expander/client/src/components/ui/chart.tsx',
    '/Users/grahamwalker/Documents/Claude-Projects/Wallet Share App/wallet-expander/client/src/components/ui/checkbox.tsx',
    '/Users/grahamwalker/Documents/Claude-Projects/Wallet Share App/wallet-expander/client/src/components/ui/collapsible.tsx',
    '/Users/grahamwalker/Documents/Claude-Projects/Wallet Share App/wallet-expander/client/src/components/ui/command.tsx',
    '/Users/grahamwalker/Documents/Claude-Projects/Wallet Share App/wallet-expander/client/src/components/ui/context-menu.tsx',
    '/Users/grahamwalker/Documents/Claude-Projects/Wallet Share App/wallet-expander/client/src/components/ui/dialog.tsx',
    '/Users/grahamwalker/Documents/Claude-Projects/Wallet Share App/wallet-expander/client/src/components/ui/drawer.tsx',
    '/Users/grahamwalker/Documents/Claude-Projects/Wallet Share App/wallet-expander/client/src/components/ui/dropdown-menu.tsx',
    '/Users/grahamwalker/Documents/Claude-Projects/Wallet Share App/wallet-expander/client/src/components/ui/form.tsx',
    '/Users/grahamwalker/Documents/Claude-Projects/Wallet Share App/wallet-expander/client/src/components/ui/hover-card.tsx',
    '/Users/grahamwalker/Documents/Claude-Projects/Wallet Share App/wallet-expander/client/src/components/ui/input-otp.tsx',
    '/Users/grahamwalker/Documents/Claude-Projects/Wallet Share App/wallet-expander/client/src/components/ui/input.tsx',
    '/Users/grahamwalker/Documents/Claude-Projects/Wallet Share App/wallet-expander/client/src/components/ui/label.tsx',
    '/Users/grahamwalker/Documents/Claude-Projects/Wallet Share App/wallet-expander/client/src/components/ui/menubar.tsx',
    '/Users/grahamwalker/Documents/Claude-Projects/Wallet Share App/wallet-expander/client/src/components/ui/navigation-menu.tsx',
    '/Users/grahamwalker/Documents/Claude-Projects/Wallet Share App/wallet-expander/client/src/components/ui/pagination.tsx',
    '/Users/grahamwalker/Documents/Claude-Projects/Wallet Share App/wallet-expander/client/src/components/ui/popover.tsx',
    '/Users/grahamwalker/Documents/Claude-Projects/Wallet Share App/wallet-expander/client/src/components/ui/progress.tsx',
    '/Users/grahamwalker/Documents/Claude-Projects/Wallet Share App/wallet-expander/client/src/components/ui/radio-group.tsx',
    '/Users/grahamwalker/Documents/Claude-Projects/Wallet Share App/wallet-expander/client/src/components/ui/resizable.tsx',
    '/Users/grahamwalker/Documents/Claude-Projects/Wallet Share App/wallet-expander/client/src/components/ui/scroll-area.tsx',
    '/Users/grahamwalker/Documents/Claude-Projects/Wallet Share App/wallet-expander/client/src/components/ui/select.tsx',
    '/Users/grahamwalker/Documents/Claude-Projects/Wallet Share App/wallet-expander/client/src/components/ui/separator.tsx',
    '/Users/grahamwalker/Documents/Claude-Projects/Wallet Share App/wallet-expander/client/src/components/ui/sheet.tsx',
    '/Users/grahamwalker/Documents/Claude-Projects/Wallet Share App/wallet-expander/client/src/components/ui/skeleton.tsx',
    '/Users/grahamwalker/Documents/Claude-Projects/Wallet Share App/wallet-expander/client/src/components/ui/slider.tsx',
    '/Users/grahamwalker/Documents/Claude-Projects/Wallet Share App/wallet-expander/client/src/components/ui/switch.tsx',
    '/Users/grahamwalker/Documents/Claude-Projects/Wallet Share App/wallet-expander/client/src/components/ui/table.tsx',
    '/Users/grahamwalker/Documents/Claude-Projects/Wallet Share App/wallet-expander/client/src/components/ui/tabs.tsx',
    '/Users/grahamwalker/Documents/Claude-Projects/Wallet Share App/wallet-expander/client/src/components/ui/textarea.tsx',
    ... 19 more items
  ]
}
